// Jest Snapshot v1, https://goo.gl/fbAQLP

exports[`Terminal should render 1`] = `
<div
  className="juju-shell"
>
  <div
    className="juju-shell__header"
  >
    <span
      className="juju-shell__header-label"
    >
      Juju Shell
    </span>
    <div
      className="juju-shell__header-actions"
    >
      <span
        onClick={[Function]}
        role="button"
        tabIndex="0"
      >
        <SvgIcon
          name="minimize-bar_16"
          size="16"
        />
      </span>
      <span
        onClick={[Function]}
        role="button"
        tabIndex="0"
      >
        <SvgIcon
          name="maximize-bar_16"
          size="16"
        />
      </span>
      <span
        onClick={[Function]}
        role="button"
        tabIndex="0"
      >
        <SvgIcon
          name="close_16"
          size="16"
        />
      </span>
    </div>
  </div>
  <div
    className="juju-shell__terminal juju-shell__terminal--min"
    style={Object {}}
  />
</div>
`;
