// Jest Snapshot v1, https://goo.gl/fbAQLP

exports[`ButtonRow generates a button 1`] = `
<div
  className="button-row"
>
  <ul
    className="p-inline-list"
  >
    <li
      className="p-inline-list__item"
      key="0"
    >
      <Button
        buttons={
          Array [
            Object {
              "action": [Function],
              "title": "My button",
              "type": "submit",
            },
          ]
        }
      >
        My button
      </Button>
    </li>
  </ul>
</div>
`;
